client_session: <aiohttp.client.ClientSession object at 0x0000024D4BFCC310>
